// Jest Snapshot v1, https://goo.gl/fbAQLP

exports[`PersonCard should render div 1`] = `
<div>
  Hello !
</div>
`;
